Microchip MPLAB XC8 Compiler V2.32

Linker command line:

-W-3 --edf=C:\Program Files\Microchip\xc8\v2.32\pic\dat\en_msgs.txt -cn \
  -h+dist/default/production\PIC_sensores.X.production.sym \
  --cmf=dist/default/production\PIC_sensores.X.production.cmf -z -Q16F887 \
  -oC:\Users\ANDYBO~1\AppData\Local\Temp\xcAs3q8.4 --defsym=__MPLAB_BUILD=1 \
  -Mdist/default/production/PIC_sensores.X.production.map -E1 \
  -ver=XC8 Compiler --acfsm=1493 -ASTACK=0110h-016Fh -pstack=STACK \
  -ACODE=00h-07FFhx4 -ASTRCODE=00h-01FFFh -ASTRING=00h-0FFhx32 \
  -ACONST=00h-0FFhx32 -AENTRY=00h-0FFhx32 -ACOMMON=070h-07Fh \
  -ABANK0=020h-06Fh -ABANK1=0A0h-0EFh -ABANK2=0110h-016Fh \
  -ABANK3=0190h-01EFh -ARAM=020h-06Fh,0A0h-0EFh,0110h-016Fh,0190h-01EFh \
  -AABS1=020h-07Fh,0A0h-0EFh,0110h-016Fh,0190h-01EFh -ASFR0=00h-01Fh \
  -ASFR1=080h-09Fh -ASFR2=0100h-010Fh -ASFR3=0180h-018Fh \
  -ACONFIG=02007h-02008h -DCONFIG=2 -AIDLOC=02000h-02003h -DIDLOC=2 \
  -AEEDATA=00h-0FFh/02100h -peeprom_data=EEDATA -DEEDATA=2 -DCODE=2 \
  -DSTRCODE=2 -DSTRING=2 -DCONST=2 -DENTRY=2 \
  -preset_vec=00h,intentry=04h,init,end_init -ppowerup=CODE -pcinit=CODE \
  -pfunctab=ENTRY -k C:\Users\ANDYBO~1\AppData\Local\Temp\xcAs3q8.o \
  dist/default/production\PIC_sensores.X.production.o 

Object code version is 3.11

Machine type is 16F887



                Name                               Link     Load   Length Selector   Space Scale
C:\Users\ANDYBO~1\AppData\Local\Temp\xcAs3q8.o
                end_init                              C        C        3        8       0
                reset_vec                             0        0        3        0       0
                config                             2007     2007        2        0       4
dist/default/production\PIC_sensores.X.production.o
                cinit                                 F        F       17        8       0
                intentry                              4        4        8        8       0
                config                             2007     2007        2        0       4
                text10                              716      716        7        8       0
                text9                               2AE      2AE      1DD        8       0
                text8                               547      547       7C        8       0
                text7                               673      673       38        8       0
                text6                               702      702       14        8       0
                text5                               6AB      6AB       37        8       0
                text4                               6E2      6E2       20        8       0
                text3                                26       26      288        8       0
                text2                               48B      48B       BC        8       0
                text1                               5C3      5C3       6B        8       0
                maintext                            62E      62E       45        8       0
                cstackBANK0                          20       20       22       20       1
                cstackCOMMON                         70       70        8       70       1
                bssBANK0                             42       42        E       20       1
                bssCOMMON                            78       78        3       70       1

TOTAL           Name                               Link     Load   Length     Space
        CLASS   STACK          

        CLASS   CODE           
                end_init                              C        C        3         0
                cinit                                 F        F       17         0
                intentry                              4        4        8         0
                reset_vec                             0        0        3         0
                text10                              716      716        7         0
                text9                               2AE      2AE      1DD         0
                text8                               547      547       7C         0
                text7                               673      673       38         0
                text6                               702      702       14         0
                text5                               6AB      6AB       37         0
                text4                               6E2      6E2       20         0
                text3                                26       26      288         0
                text2                               48B      48B       BC         0
                text1                               5C3      5C3       6B         0
                maintext                            62E      62E       45         0

        CLASS   STRCODE        

        CLASS   STRING         

        CLASS   CONST          

        CLASS   ENTRY          

        CLASS   COMMON         
                cstackCOMMON                         70       70        8         1
                bssCOMMON                            78       78        3         1

        CLASS   BANK0          
                cstackBANK0                          20       20       22         1
                bssBANK0                             42       42        E         1

        CLASS   BANK1          

        CLASS   BANK2          

        CLASS   BANK3          

        CLASS   RAM            

        CLASS   ABS1           
                abs_s1                               7E       7E        2         1

        CLASS   SFR0           

        CLASS   SFR1           

        CLASS   SFR2           

        CLASS   SFR3           

        CLASS   CONFIG         
                config                             2007     2007        2         4

        CLASS   IDLOC          

        CLASS   EEDATA         



SEGMENTS        Name                           Load    Length   Top    Selector   Space  Class     Delta

                reset_vec                      000000  000003  000003         0       0  CODE        2
                intentry                       000004  000719  00071D         8       0  CODE        2
                cstackBANK0                    000020  000030  000050        20       1  BANK0       1
                cstackCOMMON                   000070  00000B  00007B        70       1  COMMON      1


UNUSED ADDRESS RANGES

        Name                Unused          Largest block    Delta
        BANK0            0050-006F             20           1
        BANK1            00A0-00EF             50           1
        BANK2            0110-016F             60           1
        BANK3            0190-01EF             60           1
        CODE             0003-0003              1           2
                         071D-1FFF            800
        COMMON           007B-007D              3           1
        CONST            0003-0003              1           2
                         071D-1FFF            100
        EEDATA           2100-21FF            100           2
        ENTRY            0003-0003              1           2
                         071D-1FFF            100
        IDLOC            2000-2003              4           2
        RAM              0050-006F             20           1
                         00A0-00EF             50
                         0110-016F             60
                         0190-01EF             60
        SFR0             0000-001F             20           1
        SFR1             0080-009F             20           1
        SFR2             0100-010F             10           1
        SFR3             0180-018F             10           1
        STACK            0110-016F             60           1
        STRCODE          0003-0003              1           2
                         071D-1FFF           18E3
        STRING           0003-0003              1           2
                         071D-1FFF            100

                                  Symbol Table

?___fladd                cstackBANK0  002A
?___fldiv                cstackBANK0  0020
?___fltol                cstackCOMMON 0072
?___xxtofl               cstackCOMMON 0072
_ADCON0bits              (abs)        001F
_ADCON1bits              (abs)        009F
_ADC_config              text6        0702
_ADRESH                  (abs)        001E
_ADRESL                  (abs)        009E
_ANSEL                   (abs)        0188
_ANSELH                  (abs)        0189
_ANSELbits               (abs)        0188
_OSCCONbits              (abs)        008F
_PORTB                   (abs)        0006
_PORTBbits               (abs)        0006
_PORTC                   (abs)        0007
_PORTD                   (abs)        0008
_PORTDbits               (abs)        0008
_PORTE                   (abs)        0009
_TRISAbits               (abs)        0085
_TRISBbits               (abs)        0086
_TRISC                   (abs)        0087
_TRISD                   (abs)        0088
_TRISEbits               (abs)        0089
__Habs1                  abs1         0000
__Hbank0                 bank0        0000
__Hbank1                 bank1        0000
__Hbank2                 bank2        0000
__Hbank3                 bank3        0000
__HbssBANK0              bssBANK0     0000
__HbssCOMMON             bssCOMMON    0000
__Hcinit                 cinit        0026
__Hclrtext               clrtext      0000
__Hcode                  code         0000
__Hcommon                common       0000
__Hconfig                config       2009
__HcstackBANK0           cstackBANK0  0000
__HcstackCOMMON          cstackCOMMON 0000
__Heeprom_data           eeprom_data  0000
__Hend_init              end_init     000F
__Hfunctab               functab      0000
__Hinit                  init         000C
__Hintentry              intentry     000C
__Hmaintext              maintext     0000
__Hpowerup               powerup      0000
__Hram                   ram          0000
__Hreset_vec             reset_vec    0003
__Hsfr0                  sfr0         0000
__Hsfr1                  sfr1         0000
__Hsfr2                  sfr2         0000
__Hsfr3                  sfr3         0000
__Hspace_0               (abs)        071D
__Hspace_1               (abs)        007B
__Hspace_2               (abs)        0000
__Hspace_3               (abs)        0000
__Hspace_4               (abs)        4010
__Hstack                 stack        0000
__Hstrings               strings      0000
__Htext                  text         0000
__Labs1                  abs1         0000
__Lbank0                 bank0        0000
__Lbank1                 bank1        0000
__Lbank2                 bank2        0000
__Lbank3                 bank3        0000
__LbssBANK0              bssBANK0     0000
__LbssCOMMON             bssCOMMON    0000
__Lcinit                 cinit        000F
__Lclrtext               clrtext      0000
__Lcode                  code         0000
__Lcommon                common       0000
__Lconfig                config       0000
__LcstackBANK0           cstackBANK0  0000
__LcstackCOMMON          cstackCOMMON 0000
__Leeprom_data           eeprom_data  0000
__Lend_init              end_init     000C
__Lfunctab               functab      0000
__Linit                  init         000C
__Lintentry              intentry     0004
__Lmaintext              maintext     0000
__Lpowerup               powerup      0000
__Lram                   ram          0000
__Lreset_vec             reset_vec    0000
__Lsfr0                  sfr0         0000
__Lsfr1                  sfr1         0000
__Lsfr2                  sfr2         0000
__Lsfr3                  sfr3         0000
__Lspace_0               (abs)        0000
__Lspace_1               (abs)        0000
__Lspace_2               (abs)        0000
__Lspace_3               (abs)        0000
__Lspace_4               (abs)        0000
__Lstack                 stack        0000
__Lstrings               strings      0000
__Ltext                  text         0000
__S0                     (abs)        071D
__S1                     (abs)        007B
__S2                     (abs)        0000
__S3                     (abs)        0000
___fladd                 text3        0026
___fladd@a               cstackBANK0  002E
___fladd@aexp            cstackBANK0  003B
___fladd@b               cstackBANK0  002A
___fladd@bexp            cstackBANK0  003C
___fladd@grs             cstackBANK0  003D
___fladd@signs           cstackBANK0  003A
___fldiv                 text9        02AE
___fldiv@a               cstackBANK0  0020
___fldiv@aexp            cstackBANK0  0034
___fldiv@b               cstackBANK0  0024
___fldiv@bexp            cstackBANK0  0033
___fldiv@grs             cstackBANK0  002F
___fldiv@new_exp         cstackBANK0  002D
___fldiv@rem             cstackBANK0  0028
___fldiv@sign            cstackBANK0  002C
___fltol                 text8        0547
___fltol@exp1            cstackCOMMON 0077
___fltol@f1              cstackCOMMON 0072
___fltol@sign1           cstackCOMMON 0076
___int_sp                stack        0000
___latbits               (abs)        0002
___sp                    stack        0000
___stackhi               (abs)        0000
___stacklo               (abs)        0000
___xxtofl                text2        048B
___xxtofl@arg            cstackBANK0  0026
___xxtofl@exp            cstackBANK0  0025
___xxtofl@sign           cstackBANK0  0024
___xxtofl@val            cstackCOMMON 0072
__end_of_ADC_config      text6        0716
__end_of___fladd         text3        02AE
__end_of___fldiv         text9        048B
__end_of___fltol         text8        05C3
__end_of___xxtofl        text2        0547
__end_of__initialization cinit        0022
__end_of_infrarrojos     text7        06AB
__end_of_isr             text10       071D
__end_of_main            maintext     0673
__end_of_osc_config      text5        06E2
__end_of_setup           text4        0702
__end_of_toggle_adc      text1        062E
__initialization         cinit        000F
__pbssBANK0              bssBANK0     0042
__pbssCOMMON             bssCOMMON    0078
__pcstackBANK0           cstackBANK0  0020
__pcstackCOMMON          cstackCOMMON 0070
__pintentry              intentry     0004
__pmaintext              maintext     062E
__ptext1                 text1        05C3
__ptext10                text10       0716
__ptext2                 text2        048B
__ptext3                 text3        0026
__ptext4                 text4        06E2
__ptext5                 text5        06AB
__ptext6                 text6        0702
__ptext7                 text7        0673
__ptext8                 text8        0547
__ptext9                 text9        02AE
__size_of_ADC_config     (abs)        0000
__size_of___fladd        (abs)        0000
__size_of___fldiv        (abs)        0000
__size_of___fltol        (abs)        0000
__size_of___xxtofl       (abs)        0000
__size_of_infrarrojos    (abs)        0000
__size_of_isr            (abs)        0000
__size_of_main           (abs)        0000
__size_of_osc_config     (abs)        0000
__size_of_setup          (abs)        0000
__size_of_toggle_adc     (abs)        0000
_conversion1             bssBANK0     004A
_conversion_total        bssBANK0     0046
_infrarrojo1             bssCOMMON    007A
_infrarrojo2             bssCOMMON    0079
_infrarrojo3             bssCOMMON    0078
_infrarrojos             text7        0673
_isr                     text10       0716
_main                    maintext     062E
_osc_config              text5        06AB
_setup                   text4        06E2
_suma_ir                 bssBANK0     004E
_temperatura_aprox       bssBANK0     0042
_toggle_adc              text1        05C3
btemp                    (abs)        007E
end_of_initialization    cinit        0022
interrupt_function       intentry     0004
intlevel0                functab      0000
intlevel1                functab      0000
intlevel2                functab      0000
intlevel3                functab      0000
intlevel4                functab      0000
intlevel5                functab      0000
osc_config@freq          cstackCOMMON 0074
reset_vec                reset_vec    0000
saved_w                  (abs)        007E
start                    init         000C
start_initialization     cinit        000F
wtemp0                   (abs)        007E


MODULE INFORMATION

Module		Function		Class		Link	Load	Size
C:/Users/Andy Bonilla/Documents/GitHub/ED2/Proyecto1_ED2/PIC_sensores.X/main_sensores.c
		_infrarrojos   		CODE           	0673	0000	56
		_main          		CODE           	062E	0000	69
		_isr           		CODE           	0716	0000	7
		_toggle_adc    		CODE           	05C3	0000	107
		_setup         		CODE           	06E2	0000	32

C:/Users/Andy Bonilla/Documents/GitHub/ED2/Proyecto1_ED2/PIC_sensores.X/main_sensores.c estimated size: 271

C:\Program Files\Microchip\xc8\v2.32\pic\sources\c90\common\sprcadd.c
		___fladd       		CODE           	0026	0000	648

C:\Program Files\Microchip\xc8\v2.32\pic\sources\c90\common\sprcadd.c estimated size: 648

C:\Program Files\Microchip\xc8\v2.32\pic\sources\c90\common\xxtofl.c
		___xxtofl      		CODE           	048B	0000	188

C:\Program Files\Microchip\xc8\v2.32\pic\sources\c90\common\xxtofl.c estimated size: 188

shared
		__initialization		CODE           	000F	0000	19

shared estimated size: 19

C:/Users/Andy Bonilla/Documents/GitHub/ED2/Proyecto1_ED2/PIC_sensores.X/ADC_CONFIG.c
		_ADC_config    		CODE           	0702	0000	20

C:/Users/Andy Bonilla/Documents/GitHub/ED2/Proyecto1_ED2/PIC_sensores.X/ADC_CONFIG.c estimated size: 20

C:\Program Files\Microchip\xc8\v2.32\pic\sources\c90\common\sprcdiv.c
		___fldiv       		CODE           	02AE	0000	477

C:\Program Files\Microchip\xc8\v2.32\pic\sources\c90\common\sprcdiv.c estimated size: 477

C:/Users/Andy Bonilla/Documents/GitHub/ED2/Proyecto1_ED2/PIC_sensores.X/Osc_config.c
		_osc_config    		CODE           	06AB	0000	55

C:/Users/Andy Bonilla/Documents/GitHub/ED2/Proyecto1_ED2/PIC_sensores.X/Osc_config.c estimated size: 55

C:\Program Files\Microchip\xc8\v2.32\pic\sources\c90\common\fltol.c
		___fltol       		CODE           	0547	0000	124

C:\Program Files\Microchip\xc8\v2.32\pic\sources\c90\common\fltol.c estimated size: 124

