Microchip MPLAB XC8 Compiler V2.32

Linker command line:

-W-3 --edf=C:\Program Files\Microchip\xc8\v2.32\pic\dat\en_msgs.txt -cn \
  -h+dist/default/production\PIC_sensores.X.production.sym \
  --cmf=dist/default/production\PIC_sensores.X.production.cmf -z -Q16F887 \
  -oC:\Users\ANDYBO~1\AppData\Local\Temp\xcAs9m8.4 --defsym=__MPLAB_BUILD=1 \
  -Mdist/default/production/PIC_sensores.X.production.map -E1 \
  -ver=XC8 Compiler --acfsm=1493 -ASTACK=0110h-016Fh -pstack=STACK \
  -ACODE=00h-07FFhx4 -ASTRCODE=00h-01FFFh -ASTRING=00h-0FFhx32 \
  -ACONST=00h-0FFhx32 -AENTRY=00h-0FFhx32 -ACOMMON=070h-07Fh \
  -ABANK0=020h-06Fh -ABANK1=0A0h-0EFh -ABANK2=0110h-016Fh \
  -ABANK3=0190h-01EFh -ARAM=020h-06Fh,0A0h-0EFh,0110h-016Fh,0190h-01EFh \
  -AABS1=020h-07Fh,0A0h-0EFh,0110h-016Fh,0190h-01EFh -ASFR0=00h-01Fh \
  -ASFR1=080h-09Fh -ASFR2=0100h-010Fh -ASFR3=0180h-018Fh \
  -ACONFIG=02007h-02008h -DCONFIG=2 -AIDLOC=02000h-02003h -DIDLOC=2 \
  -AEEDATA=00h-0FFh/02100h -peeprom_data=EEDATA -DEEDATA=2 -DCODE=2 \
  -DSTRCODE=2 -DSTRING=2 -DCONST=2 -DENTRY=2 \
  -preset_vec=00h,intentry=04h,init,end_init -ppowerup=CODE -pcinit=CODE \
  -pfunctab=ENTRY -k C:\Users\ANDYBO~1\AppData\Local\Temp\xcAs9m8.o \
  dist/default/production\PIC_sensores.X.production.o 

Object code version is 3.11

Machine type is 16F887



                Name                               Link     Load   Length Selector   Space Scale
C:\Users\ANDYBO~1\AppData\Local\Temp\xcAs9m8.o
                end_init                              C        C        3        8       0
                reset_vec                             0        0        3        0       0
                config                             2007     2007        2        0       4
dist/default/production\PIC_sensores.X.production.o
                cinit                                 F        F        E        8       0
                intentry                              4        4        8        8       0
                text2_split_11                       1D       1D      6DE        8       0
                text2_split_10                     131C     131C      139     2638       0
                text2_split_9                      1455     1455      139     28AA       0
                text2_split_8                      158E     158E      139     2B1C       0
                text2_split_7                      16C7     16C7      139     2D8E       0
                text2_split_6                       8AA      8AA      139     1154       0
                text2_split_5                       9E3      9E3      139     13C6       0
                text2_split_4                       B1C      B1C      139     1638       0
                text2_split_3                       C55      C55      139     18AA       0
                text2_split_2                       D8E      D8E      139     1B1C       0
                text2_split_1                       EC7      EC7      139     1D8E       0
                config                             2007     2007        2        0       4
                text9                               7EE      7EE        7        8       0
                text8                              11BF     11BF       54     237E       0
                text7                              1155     1155       14     22AA       0
                text6                               7B7      7B7       37        8       0
                text5                              119F     119F       20     233E       0
                text4                               806      806       A4     100C       0
                text3                               6FB      6FB       BC        8       0
                text2                              1213     1213      109     2426       0
                text1                              1169     1169       1A     22D2       0
                maintext                           1183     1183       1C     2306       0
                cstackBANK0                          20       20       1A       20       1
                cstackCOMMON                         70       70        6       70       1
                bssBANK0                             3A       3A        4       20       1
                bssCOMMON                            76       76        4       70       1

TOTAL           Name                               Link     Load   Length     Space
        CLASS   STACK          

        CLASS   CODE           
                end_init                              C        C        3         0
                cinit                                 F        F        E         0
                intentry                              4        4        8         0
                reset_vec                             0        0        3         0
                text2_split_11                       1D       1D      6DE         0
                text2_split_10                     131C     131C      139         0
                text2_split_9                      1455     1455      139         0
                text2_split_8                      158E     158E      139         0
                text2_split_7                      16C7     16C7      139         0
                text2_split_6                       8AA      8AA      139         0
                text2_split_5                       9E3      9E3      139         0
                text2_split_4                       B1C      B1C      139         0
                text2_split_3                       C55      C55      139         0
                text2_split_2                       D8E      D8E      139         0
                text2_split_1                       EC7      EC7      139         0
                text9                               7EE      7EE        7         0
                text8                              11BF     11BF       54         0
                text7                              1155     1155       14         0
                text6                               7B7      7B7       37         0
                text5                              119F     119F       20         0
                text4                               806      806       A4         0
                text3                               6FB      6FB       BC         0
                text2                              1213     1213      109         0
                text1                              1169     1169       1A         0
                maintext                           1183     1183       1C         0

        CLASS   STRCODE        

        CLASS   STRING         

        CLASS   CONST          

        CLASS   ENTRY          

        CLASS   COMMON         
                cstackCOMMON                         70       70        6         1
                bssCOMMON                            76       76        4         1

        CLASS   BANK0          
                cstackBANK0                          20       20       1A         1
                bssBANK0                             3A       3A        4         1

        CLASS   BANK1          

        CLASS   BANK2          

        CLASS   BANK3          

        CLASS   RAM            

        CLASS   ABS1           
                abs_s1                               7E       7E        2         1

        CLASS   SFR0           

        CLASS   SFR1           

        CLASS   SFR2           

        CLASS   SFR3           

        CLASS   CONFIG         
                config                             2007     2007        2         4

        CLASS   IDLOC          

        CLASS   EEDATA         



SEGMENTS        Name                           Load    Length   Top    Selector   Space  Class     Delta

                reset_vec                      000000  000003  000003         0       0  CODE        2
                intentry                       000004  0007F1  0007F5         8       0  CODE        2
                cstackBANK0                    000020  00001E  00003E        20       1  BANK0       1
                cstackCOMMON                   000070  00000A  00007A        70       1  COMMON      1
                text4                          000806  0000A4  0008AA      100C       0  CODE        2
                text2_split_6                  0008AA  000139  0009E3      1154       0  CODE        2
                text2_split_5                  0009E3  000139  000B1C      13C6       0  CODE        2
                text2_split_4                  000B1C  000139  000C55      1638       0  CODE        2
                text2_split_3                  000C55  000139  000D8E      18AA       0  CODE        2
                text2_split_2                  000D8E  000139  000EC7      1B1C       0  CODE        2
                text2_split_1                  000EC7  000139  001000      1D8E       0  CODE        2
                text7                          001155  000014  001169      22AA       0  CODE        2
                text1                          001169  00001A  001183      22D2       0  CODE        2
                maintext                       001183  00001C  00119F      2306       0  CODE        2
                text5                          00119F  000020  0011BF      233E       0  CODE        2
                text8                          0011BF  000054  001213      237E       0  CODE        2
                text2                          001213  000109  00131C      2426       0  CODE        2
                text2_split_10                 00131C  000139  001455      2638       0  CODE        2
                text2_split_9                  001455  000139  00158E      28AA       0  CODE        2
                text2_split_8                  00158E  000139  0016C7      2B1C       0  CODE        2
                text2_split_7                  0016C7  000139  001800      2D8E       0  CODE        2


UNUSED ADDRESS RANGES

        Name                Unused          Largest block    Delta
        BANK0            00003E-00006F               32           1
        BANK1            0000A0-0000EF               50           1
        BANK2            000110-00016F               60           1
        BANK3            000190-0001EF               60           1
        CODE             000003-000003                1           2
                         0007F5-000805                B
                         001000-001154              155
                         001800-001FFF              800
        COMMON           00007A-00007D                4           1
        CONST            000003-000003                1           2
                         0007F5-000805                B
                         001000-001154              100
                         001800-001FFF              100
        EEDATA           002100-0021FF              100           2
        ENTRY            000003-000003                1           2
                         0007F5-000805                B
                         001000-001154              100
                         001800-001FFF              100
        IDLOC            002000-002003                4           2
        RAM              00003E-00006F               32           1
                         0000A0-0000EF               50
                         000110-00016F               60
                         000190-0001EF               60
        SFR0             000000-00001F               20           1
        SFR1             000080-00009F               20           1
        SFR2             000100-00010F               10           1
        SFR3             000180-00018F               10           1
        STACK            000110-00016F               60           1
        STRCODE          000003-000003                1           2
                         0007F5-000805               11
                         001000-001154              155
                         001800-001FFF              800
        STRING           000003-000003                1           2
                         0007F5-000805                B
                         001000-001154              100
                         001800-001FFF              100

                                  Symbol Table

?___xxtofl               cstackCOMMON 000072
_ADCON0bits              (abs)        00001F
_ADCON1bits              (abs)        00009F
_ADC_config              text7        001155
_ADRESL                  (abs)        00009E
_ANSEL                   (abs)        000188
_ANSELH                  (abs)        000189
_ANSELbits               (abs)        000188
_OSCCONbits              (abs)        00008F
_PORTB                   (abs)        000006
_PORTBbits               (abs)        000006
_PORTC                   (abs)        000007
_PORTD                   (abs)        000008
_PORTDbits               (abs)        000008
_PORTE                   (abs)        000009
_TRISAbits               (abs)        000085
_TRISBbits               (abs)        000086
_TRISC                   (abs)        000087
_TRISD                   (abs)        000088
_TRISEbits               (abs)        000089
__Habs1                  abs1         000000
__Hbank0                 bank0        000000
__Hbank1                 bank1        000000
__Hbank2                 bank2        000000
__Hbank3                 bank3        000000
__HbssBANK0              bssBANK0     000000
__HbssCOMMON             bssCOMMON    000000
__Hcinit                 cinit        00001D
__Hclrtext               clrtext      000000
__Hcode                  code         000000
__Hcommon                common       000000
__Hconfig                config       002009
__HcstackBANK0           cstackBANK0  000000
__HcstackCOMMON          cstackCOMMON 000000
__Heeprom_data           eeprom_data  000000
__Hend_init              end_init     00000F
__Hfunctab               functab      000000
__Hinit                  init         00000C
__Hintentry              intentry     00000C
__Hmaintext              maintext     000000
__Hpowerup               powerup      000000
__Hram                   ram          000000
__Hreset_vec             reset_vec    000003
__Hsfr0                  sfr0         000000
__Hsfr1                  sfr1         000000
__Hsfr2                  sfr2         000000
__Hsfr3                  sfr3         000000
__Hspace_0               (abs)        001800
__Hspace_1               (abs)        00007A
__Hspace_2               (abs)        000000
__Hspace_3               (abs)        000000
__Hspace_4               (abs)        004010
__Hstack                 stack        000000
__Hstrings               strings      000000
__Htext                  text         000000
__Labs1                  abs1         000000
__Lbank0                 bank0        000000
__Lbank1                 bank1        000000
__Lbank2                 bank2        000000
__Lbank3                 bank3        000000
__LbssBANK0              bssBANK0     000000
__LbssCOMMON             bssCOMMON    000000
__Lcinit                 cinit        00000F
__Lclrtext               clrtext      000000
__Lcode                  code         000000
__Lcommon                common       000000
__Lconfig                config       000000
__LcstackBANK0           cstackBANK0  000000
__LcstackCOMMON          cstackCOMMON 000000
__Leeprom_data           eeprom_data  000000
__Lend_init              end_init     00000C
__Lfunctab               functab      000000
__Linit                  init         00000C
__Lintentry              intentry     000004
__Lmaintext              maintext     000000
__Lpowerup               powerup      000000
__Lram                   ram          000000
__Lreset_vec             reset_vec    000000
__Lsfr0                  sfr0         000000
__Lsfr1                  sfr1         000000
__Lsfr2                  sfr2         000000
__Lsfr3                  sfr3         000000
__Lspace_0               (abs)        000000
__Lspace_1               (abs)        000000
__Lspace_2               (abs)        000000
__Lspace_3               (abs)        000000
__Lspace_4               (abs)        000000
__Lstack                 stack        000000
__Lstrings               strings      000000
__Ltext                  text         000000
__S0                     (abs)        001800
__S1                     (abs)        00007A
__S2                     (abs)        000000
__S3                     (abs)        000000
___flge                  text4        000806
___flge@ff1              cstackBANK0  00002A
___flge@ff2              cstackBANK0  00002E
___int_sp                stack        000000
___latbits               (abs)        000002
___sp                    stack        000000
___stackhi               (abs)        000000
___stacklo               (abs)        000000
___xxtofl                text3        0006FB
___xxtofl@arg            cstackBANK0  000026
___xxtofl@exp            cstackBANK0  000025
___xxtofl@sign           cstackBANK0  000024
___xxtofl@val            cstackCOMMON 000072
__end_of_ADC_config      text7        001169
__end_of___flge          text4        0008AA
__end_of___xxtofl        text3        0007B7
__end_of__initialization cinit        000019
__end_of_infrarrojos     text8        001213
__end_of_isr             text9        0007F5
__end_of_main            maintext     00119F
__end_of_osc_config      text6        0007EE
__end_of_setup           text5        0011BF
__end_of_temperatura     text2_split_11 0006FB
__end_of_toggle_adc      text1        001183
__initialization         cinit        00000F
__pbssBANK0              bssBANK0     00003A
__pbssCOMMON             bssCOMMON    000076
__pcstackBANK0           cstackBANK0  000020
__pcstackCOMMON          cstackCOMMON 000070
__pintentry              intentry     000004
__pmaintext              maintext     001183
__ptext1                 text1        001169
__ptext2                 text2        001213
__ptext3                 text3        0006FB
__ptext4                 text4        000806
__ptext5                 text5        00119F
__ptext6                 text6        0007B7
__ptext7                 text7        001155
__ptext8                 text8        0011BF
__ptext9                 text9        0007EE
__size_of_ADC_config     (abs)        000000
__size_of___flge         (abs)        000000
__size_of___xxtofl       (abs)        000000
__size_of_infrarrojos    (abs)        000000
__size_of_isr            (abs)        000000
__size_of_main           (abs)        000000
__size_of_osc_config     (abs)        000000
__size_of_setup          (abs)        000000
__size_of_temperatura    (abs)        000000
__size_of_toggle_adc     (abs)        000000
_conversion1             bssBANK0     00003B
_conversion_total        bssCOMMON    000076
_infrarrojo1             bssCOMMON    000079
_infrarrojo2             bssCOMMON    000078
_infrarrojo3             bssBANK0     00003C
_infrarrojos             text8        0011BF
_isr                     text9        0007EE
_main                    maintext     001183
_osc_config              text6        0007B7
_setup                   text5        00119F
_suma_ir                 bssCOMMON    000077
_temperatura             text2        001213
_temperatura_aprox       bssBANK0     00003A
_toggle_adc              text1        001169
btemp                    (abs)        00007E
end_of_initialization    cinit        000019
interrupt_function       intentry     000004
intlevel0                functab      000000
intlevel1                functab      000000
intlevel2                functab      000000
intlevel3                functab      000000
intlevel4                functab      000000
intlevel5                functab      000000
osc_config@freq          cstackCOMMON 000074
pnum$text2               (abs)        000009
pnum$text2_split_1       (abs)        000013
pnum$text2_split_10      (abs)        00001C
pnum$text2_split_11      (abs)        00001D
pnum$text2_split_2       (abs)        000014
pnum$text2_split_3       (abs)        000015
pnum$text2_split_4       (abs)        000016
pnum$text2_split_5       (abs)        000017
pnum$text2_split_6       (abs)        000018
pnum$text2_split_7       (abs)        000019
pnum$text2_split_8       (abs)        00001A
pnum$text2_split_9       (abs)        00001B
psplit$0                 (abs)        090013
psplit$1                 (abs)        130014
psplit$10                (abs)        1C001D
psplit$2                 (abs)        140015
psplit$3                 (abs)        150016
psplit$4                 (abs)        160017
psplit$5                 (abs)        170018
psplit$6                 (abs)        180019
psplit$7                 (abs)        19001A
psplit$8                 (abs)        1A001B
psplit$9                 (abs)        1B001C
reset_vec                reset_vec    000000
saved_w                  (abs)        00007E
start                    init         00000C
start_initialization     cinit        00000F
wtemp0                   (abs)        00007E


MODULE INFORMATION

Module		Function		Class		Link	Load	Size
C:/Users/Andy Bonilla/Documents/GitHub/ED2/Proyecto1_ED2/PIC_sensores.X/main_sensores.c
		_infrarrojos   		CODE           	11BF	0000	84
		_temperatura   		CODE           	1213	0000	5153
		_main          		CODE           	1183	0000	28
		_isr           		CODE           	07EE	0000	7
		_toggle_adc    		CODE           	1169	0000	26
		_setup         		CODE           	119F	0000	32

C:/Users/Andy Bonilla/Documents/GitHub/ED2/Proyecto1_ED2/PIC_sensores.X/main_sensores.c estimated size: 5330

C:\Program Files\Microchip\xc8\v2.32\pic\sources\c90\common\flge.c
		___flge        		CODE           	0806	0000	164

C:\Program Files\Microchip\xc8\v2.32\pic\sources\c90\common\flge.c estimated size: 164

C:\Program Files\Microchip\xc8\v2.32\pic\sources\c90\common\xxtofl.c
		___xxtofl      		CODE           	06FB	0000	188

C:\Program Files\Microchip\xc8\v2.32\pic\sources\c90\common\xxtofl.c estimated size: 188

shared
		__initialization		CODE           	000F	0000	10

shared estimated size: 10

C:/Users/Andy Bonilla/Documents/GitHub/ED2/Proyecto1_ED2/PIC_sensores.X/ADC_CONFIG.c
		_ADC_config    		CODE           	1155	0000	20

C:/Users/Andy Bonilla/Documents/GitHub/ED2/Proyecto1_ED2/PIC_sensores.X/ADC_CONFIG.c estimated size: 20

C:/Users/Andy Bonilla/Documents/GitHub/ED2/Proyecto1_ED2/PIC_sensores.X/Osc_config.c
		_osc_config    		CODE           	07B7	0000	55

C:/Users/Andy Bonilla/Documents/GitHub/ED2/Proyecto1_ED2/PIC_sensores.X/Osc_config.c estimated size: 55

