Microchip MPLAB XC8 Compiler V2.32

Linker command line:

-W-3 --edf=C:\Program Files\Microchip\xc8\v2.32\pic\dat\en_msgs.txt -cn \
  -h+dist/default/production\PIC_maestro.X.production.sym \
  --cmf=dist/default/production\PIC_maestro.X.production.cmf -z -Q16F887 \
  -oC:\Users\ANDYBO~1\AppData\Local\Temp\xcAsgh4.4 --defsym=__MPLAB_BUILD=1 \
  -Mdist/default/production/PIC_maestro.X.production.map -E1 \
  -ver=XC8 Compiler --acfsm=1493 -ASTACK=0110h-016Fh -pstack=STACK \
  -ACODE=00h-07FFhx4 -ASTRCODE=00h-01FFFh -ASTRING=00h-0FFhx32 \
  -ACONST=00h-0FFhx32 -AENTRY=00h-0FFhx32 -ACOMMON=070h-07Fh \
  -ABANK0=020h-06Fh -ABANK1=0A0h-0EFh -ABANK2=0110h-016Fh \
  -ABANK3=0190h-01EFh -ARAM=020h-06Fh,0A0h-0EFh,0110h-016Fh,0190h-01EFh \
  -AABS1=020h-07Fh,0A0h-0EFh,0110h-016Fh,0190h-01EFh -ASFR0=00h-01Fh \
  -ASFR1=080h-09Fh -ASFR2=0100h-010Fh -ASFR3=0180h-018Fh \
  -ACONFIG=02007h-02008h -DCONFIG=2 -AIDLOC=02000h-02003h -DIDLOC=2 \
  -AEEDATA=00h-0FFh/02100h -peeprom_data=EEDATA -DEEDATA=2 -DCODE=2 \
  -DSTRCODE=2 -DSTRING=2 -DCONST=2 -DENTRY=2 \
  -preset_vec=00h,intentry=04h,init,end_init -ppowerup=CODE -pcinit=CODE \
  -pfunctab=ENTRY -k C:\Users\ANDYBO~1\AppData\Local\Temp\xcAsgh4.o \
  dist/default/production\PIC_maestro.X.production.o 

Object code version is 3.11

Machine type is 16F887



                Name                               Link     Load   Length Selector   Space Scale
C:\Users\ANDYBO~1\AppData\Local\Temp\xcAsgh4.o
                end_init                              C        C        3        8       0
                reset_vec                             0        0        3        0       0
                config                             2007     2007        2        0       4
dist/default/production\PIC_maestro.X.production.o
                cinit                                 F        F       18        8       0
                intentry                              4        4        8        8       0
                config                             2007     2007        2        0       4
                text24                              EBE      EBE       12     1D7C       0
                text23                              7A3      7A3       3F        8       0
                text22                              206      206      1AE        8       0
                text21                              E8F      E8F        6     1D1E       0
                text20                              EFB      EFB       19     1DF6       0
                text19                              7E2      7E2       19        8       0
                text18                              F39      F39       26     1E72       0
                text17                              ED0      ED0       15     1DA0       0
                text16                              F14      F14       25     1E28       0
                text15                              75F      75F       44        8       0
                text14                              5D0      5D0       69        8       0
                text13                              704      704       5B        8       0
                text12                              557      557       79        8       0
                text11                              6A1      6A1       63        8       0
                text10                              639      639       68        8       0
                text9                               FC6      FC6       3A     1F8C       0
                text8                               EB1      EB1        D     1D62       0
                text7                               F5F      F5F       30     1EBE       0
                text6                               E95      E95        9     1D2A       0
                text5                               E9E      E9E        9     1D3C       0
                text4                               EA7      EA7        A     1D4E       0
                text3                               F8F      F8F       37     1F1E       0
                text2                               EE5      EE5       16     1DCA       0
                text1                               3B4      3B4      1A3        8       0
                maintext                             27       27      1DF        8       0
                cstackBANK0                          20       20       20       20       1
                cstackCOMMON                         70       70        8       70       1
                bssBANK0                             40       40        F       20       1
                bssCOMMON                            78       78        3       70       1

TOTAL           Name                               Link     Load   Length     Space
        CLASS   STACK          

        CLASS   CODE           
                end_init                              C        C        3         0
                cinit                                 F        F       18         0
                intentry                              4        4        8         0
                reset_vec                             0        0        3         0
                text24                              EBE      EBE       12         0
                text23                              7A3      7A3       3F         0
                text22                              206      206      1AE         0
                text21                              E8F      E8F        6         0
                text20                              EFB      EFB       19         0
                text19                              7E2      7E2       19         0
                text18                              F39      F39       26         0
                text17                              ED0      ED0       15         0
                text16                              F14      F14       25         0
                text15                              75F      75F       44         0
                text14                              5D0      5D0       69         0
                text13                              704      704       5B         0
                text12                              557      557       79         0
                text11                              6A1      6A1       63         0
                text10                              639      639       68         0
                text9                               FC6      FC6       3A         0
                text8                               EB1      EB1        D         0
                text7                               F5F      F5F       30         0
                text6                               E95      E95        9         0
                text5                               E9E      E9E        9         0
                text4                               EA7      EA7        A         0
                text3                               F8F      F8F       37         0
                text2                               EE5      EE5       16         0
                text1                               3B4      3B4      1A3         0
                maintext                             27       27      1DF         0

        CLASS   STRCODE        

        CLASS   STRING         

        CLASS   CONST          

        CLASS   ENTRY          

        CLASS   COMMON         
                cstackCOMMON                         70       70        8         1
                bssCOMMON                            78       78        3         1

        CLASS   BANK0          
                cstackBANK0                          20       20       20         1
                bssBANK0                             40       40        F         1

        CLASS   BANK1          

        CLASS   BANK2          

        CLASS   BANK3          

        CLASS   RAM            

        CLASS   ABS1           
                abs_s1                               7E       7E        2         1

        CLASS   SFR0           

        CLASS   SFR1           

        CLASS   SFR2           

        CLASS   SFR3           

        CLASS   CONFIG         
                config                             2007     2007        2         4

        CLASS   IDLOC          

        CLASS   EEDATA         



SEGMENTS        Name                           Load    Length   Top    Selector   Space  Class     Delta

                reset_vec                      000000  000003  000003         0       0  CODE        2
                intentry                       000004  0007F7  0007FB         8       0  CODE        2
                cstackBANK0                    000020  00002F  00004F        20       1  BANK0       1
                cstackCOMMON                   000070  00000B  00007B        70       1  COMMON      1
                text21                         000E8F  000006  000E95      1D1E       0  CODE        2
                text6                          000E95  000009  000E9E      1D2A       0  CODE        2
                text5                          000E9E  000009  000EA7      1D3C       0  CODE        2
                text4                          000EA7  00000A  000EB1      1D4E       0  CODE        2
                text8                          000EB1  00000D  000EBE      1D62       0  CODE        2
                text24                         000EBE  000012  000ED0      1D7C       0  CODE        2
                text17                         000ED0  000015  000EE5      1DA0       0  CODE        2
                text2                          000EE5  000016  000EFB      1DCA       0  CODE        2
                text20                         000EFB  000019  000F14      1DF6       0  CODE        2
                text16                         000F14  000025  000F39      1E28       0  CODE        2
                text18                         000F39  000026  000F5F      1E72       0  CODE        2
                text7                          000F5F  000030  000F8F      1EBE       0  CODE        2
                text3                          000F8F  000037  000FC6      1F1E       0  CODE        2
                text9                          000FC6  00003A  001000      1F8C       0  CODE        2


UNUSED ADDRESS RANGES

        Name                Unused          Largest block    Delta
        BANK0            004F-006F             21           1
        BANK1            00A0-00EF             50           1
        BANK2            0110-016F             60           1
        BANK3            0190-01EF             60           1
        CODE             0003-0003              1           2
                         07FB-0E8E              5
                         1000-1FFF            800
        COMMON           007B-007D              3           1
        CONST            0003-0003              1           2
                         07FB-0E8E            100
                         1000-1FFF            100
        EEDATA           2100-21FF            100           2
        ENTRY            0003-0003              1           2
                         07FB-0E8E            100
                         1000-1FFF            100
        IDLOC            2000-2003              4           2
        RAM              004F-006F             21           1
                         00A0-00EF             50
                         0110-016F             60
                         0190-01EF             60
        SFR0             0000-001F             20           1
        SFR1             0080-009F             20           1
        SFR2             0100-010F             10           1
        SFR3             0180-018F             10           1
        STACK            0110-016F             60           1
        STRCODE          0003-0003              1           2
                         07FB-0E8E            694
                         1000-1FFF           1000
        STRING           0003-0003              1           2
                         07FB-0E8E            100
                         1000-1FFF            100

                                  Symbol Table

?_I2C_Master_Read          cstackCOMMON 0073
?___awdiv                  cstackCOMMON 0073
?___awmod                  cstackBANK0  0024
?___lldiv                  cstackBANK0  0020
I2C_Master_Init@c          cstackBANK0  002D
I2C_Master_Read@a          cstackCOMMON 0073
I2C_Master_Read@temp       cstackBANK0  0020
I2C_Master_Write@d         cstackCOMMON 0073
Lcd_Cmd@a                  cstackCOMMON 0076
Lcd_Port@a                 cstackCOMMON 0073
Lcd_Set_Cursor@a           cstackBANK0  0021
Lcd_Set_Cursor@b           cstackCOMMON 0077
Lcd_Set_Cursor@temp        cstackBANK0  0022
Lcd_Write_Char@a           cstackCOMMON 0075
Lcd_Write_String@a         cstackBANK0  0022
Lcd_Write_String@i         cstackBANK0  0020
_ANSEL                     (abs)        0188
_ANSELH                    (abs)        0189
_BASURA                    bssBANK0     004C
_BAUDCTLbits               (abs)        0187
_C1                        bssBANK0     0049
_C2                        bssBANK0     0048
_C3                        bssBANK0     0047
_CERRADO                   bssBANK0     0042
_DH                        bssBANK0     0045
_DIA                       bssCOMMON    007A
_DM                        bssBANK0     0043
_GIE                       (abs)        005F
_HORA                      bssBANK0     004B
_I2C_Master_Init           text9        0FC6
_I2C_Master_Read           text7        0F5F
_I2C_Master_Start          text6        0E95
_I2C_Master_Stop           text5        0E9E
_I2C_Master_Wait           text8        0EB1
_I2C_Master_Write          text4        0EA7
_INTCONbits                (abs)        000B
_LECT1                     text22       0206
_Lcd_Cmd                   text20       0EFB
_Lcd_Init                  text19       07E2
_Lcd_Port                  text21       0E8F
_Lcd_Set_Cursor            text18       0F39
_Lcd_Write_Char            text17       0ED0
_Lcd_Write_String          text16       0F14
_MIN                       bssCOMMON    0079
_NUM                       bssBANK0     004D
_OSCCONbits                (abs)        008F
_PARKH                     bssBANK0     004E
_PEIE                      (abs)        005E
_PIE1bits                  (abs)        008C
_PIR1bits                  (abs)        000C
_PORTA                     (abs)        0005
_PORTB                     (abs)        0006
_PORTD                     (abs)        0008
_PORTDbits                 (abs)        0008
_PORTEbits                 (abs)        0009
_RCSTAbits                 (abs)        0018
_SPBRG                     (abs)        0099
_SPBRGH                    (abs)        009A
_SSPADD                    (abs)        0093
_SSPBUF                    (abs)        0013
_SSPCON                    (abs)        0014
_SSPCON2                   (abs)        0091
_SSPCON2bits               (abs)        0091
_SSPIE                     (abs)        0463
_SSPIF                     (abs)        0063
_SSPSTAT                   (abs)        0094
_TRISA                     (abs)        0085
_TRISB                     (abs)        0086
_TRISC3                    (abs)        043B
_TRISC4                    (abs)        043C
_TRISCbits                 (abs)        0087
_TRISD                     (abs)        0088
_TRISE                     (abs)        0089
_TXREG                     (abs)        0019
_TXSTAbits                 (abs)        0098
_UH                        bssBANK0     0046
_UM                        bssBANK0     0044
__Habs1                    abs1         0000
__Hbank0                   bank0        0000
__Hbank1                   bank1        0000
__Hbank2                   bank2        0000
__Hbank3                   bank3        0000
__HbssBANK0                bssBANK0     0000
__HbssCOMMON               bssCOMMON    0000
__Hcinit                   cinit        0027
__Hclrtext                 clrtext      0000
__Hcode                    code         0000
__Hcommon                  common       0000
__Hconfig                  config       2009
__HcstackBANK0             cstackBANK0  0000
__HcstackCOMMON            cstackCOMMON 0000
__Heeprom_data             eeprom_data  0000
__Hend_init                end_init     000F
__Hfunctab                 functab      0000
__Hinit                    init         000C
__Hintentry                intentry     000C
__Hmaintext                maintext     0000
__Hpowerup                 powerup      0000
__Hram                     ram          0000
__Hreset_vec               reset_vec    0003
__Hsfr0                    sfr0         0000
__Hsfr1                    sfr1         0000
__Hsfr2                    sfr2         0000
__Hsfr3                    sfr3         0000
__Hspace_0                 (abs)        1000
__Hspace_1                 (abs)        007B
__Hspace_2                 (abs)        0000
__Hspace_3                 (abs)        0000
__Hspace_4                 (abs)        4010
__Hstack                   stack        0000
__Hstrings                 strings      0000
__Htext                    text         0000
__Labs1                    abs1         0000
__Lbank0                   bank0        0000
__Lbank1                   bank1        0000
__Lbank2                   bank2        0000
__Lbank3                   bank3        0000
__LbssBANK0                bssBANK0     0000
__LbssCOMMON               bssCOMMON    0000
__Lcinit                   cinit        000F
__Lclrtext                 clrtext      0000
__Lcode                    code         0000
__Lcommon                  common       0000
__Lconfig                  config       0000
__LcstackBANK0             cstackBANK0  0000
__LcstackCOMMON            cstackCOMMON 0000
__Leeprom_data             eeprom_data  0000
__Lend_init                end_init     000C
__Lfunctab                 functab      0000
__Linit                    init         000C
__Lintentry                intentry     0004
__Lmaintext                maintext     0000
__Lpowerup                 powerup      0000
__Lram                     ram          0000
__Lreset_vec               reset_vec    0000
__Lsfr0                    sfr0         0000
__Lsfr1                    sfr1         0000
__Lsfr2                    sfr2         0000
__Lsfr3                    sfr3         0000
__Lspace_0                 (abs)        0000
__Lspace_1                 (abs)        0000
__Lspace_2                 (abs)        0000
__Lspace_3                 (abs)        0000
__Lspace_4                 (abs)        0000
__Lstack                   stack        0000
__Lstrings                 strings      0000
__Ltext                    text         0000
__S0                       (abs)        1000
__S1                       (abs)        007B
__S2                       (abs)        0000
__S3                       (abs)        0000
___awdiv                   text14       05D0
___awdiv@counter           cstackBANK0  0020
___awdiv@dividend          cstackCOMMON 0075
___awdiv@divisor           cstackCOMMON 0073
___awdiv@quotient          cstackBANK0  0022
___awdiv@sign              cstackBANK0  0021
___awmod                   text13       0704
___awmod@counter           cstackBANK0  0029
___awmod@dividend          cstackBANK0  0026
___awmod@divisor           cstackBANK0  0024
___awmod@sign              cstackBANK0  002A
___int_sp                  stack        0000
___latbits                 (abs)        0002
___lldiv                   text10       0639
___lldiv@counter           cstackBANK0  002C
___lldiv@dividend          cstackBANK0  0024
___lldiv@divisor           cstackBANK0  0020
___lldiv@quotient          cstackBANK0  0028
___sp                      stack        0000
___stackhi                 (abs)        0000
___stacklo                 (abs)        0000
__end_of_I2C_Master_Init   text9        1000
__end_of_I2C_Master_Read   text7        0F8F
__end_of_I2C_Master_Start  text6        0E9E
__end_of_I2C_Master_Stop   text5        0EA7
__end_of_I2C_Master_Wait   text8        0EBE
__end_of_I2C_Master_Write  text4        0EB1
__end_of_LECT1             text22       03B4
__end_of_Lcd_Cmd           text20       0F14
__end_of_Lcd_Init          text19       07FB
__end_of_Lcd_Port          text21       0E95
__end_of_Lcd_Set_Cursor    text18       0F5F
__end_of_Lcd_Write_Char    text17       0EE5
__end_of_Lcd_Write_String  text16       0F39
__end_of___awdiv           text14       0639
__end_of___awmod           text13       075F
__end_of___lldiv           text10       06A1
__end_of__initialization   cinit        0023
__end_of_conver            text15       07A3
__end_of_conver1           text12       05D0
__end_of_isr               text24       0ED0
__end_of_main              maintext     0206
__end_of_mandar_datos      text11       0704
__end_of_num_ascii         text23       07E2
__end_of_osc_config        text3        0FC6
__end_of_setup             text1        0557
__end_of_uart_config       text2        0EFB
__initialization           cinit        000F
__pbssBANK0                bssBANK0     0040
__pbssCOMMON               bssCOMMON    0078
__pcstackBANK0             cstackBANK0  0020
__pcstackCOMMON            cstackCOMMON 0070
__pintentry                intentry     0004
__pmaintext                maintext     0027
__ptext1                   text1        03B4
__ptext10                  text10       0639
__ptext11                  text11       06A1
__ptext12                  text12       0557
__ptext13                  text13       0704
__ptext14                  text14       05D0
__ptext15                  text15       075F
__ptext16                  text16       0F14
__ptext17                  text17       0ED0
__ptext18                  text18       0F39
__ptext19                  text19       07E2
__ptext2                   text2        0EE5
__ptext20                  text20       0EFB
__ptext21                  text21       0E8F
__ptext22                  text22       0206
__ptext23                  text23       07A3
__ptext24                  text24       0EBE
__ptext3                   text3        0F8F
__ptext4                   text4        0EA7
__ptext5                   text5        0E9E
__ptext6                   text6        0E95
__ptext7                   text7        0F5F
__ptext8                   text8        0EB1
__ptext9                   text9        0FC6
__size_of_I2C_Master_Init  (abs)        0000
__size_of_I2C_Master_Read  (abs)        0000
__size_of_I2C_Master_Start (abs)        0000
__size_of_I2C_Master_Stop  (abs)        0000
__size_of_I2C_Master_Wait  (abs)        0000
__size_of_I2C_Master_Write (abs)        0000
__size_of_LECT1            (abs)        0000
__size_of_Lcd_Cmd          (abs)        0000
__size_of_Lcd_Init         (abs)        0000
__size_of_Lcd_Port         (abs)        0000
__size_of_Lcd_Set_Cursor   (abs)        0000
__size_of_Lcd_Write_Char   (abs)        0000
__size_of_Lcd_Write_String (abs)        0000
__size_of___awdiv          (abs)        0000
__size_of___awmod          (abs)        0000
__size_of___lldiv          (abs)        0000
__size_of_conver           (abs)        0000
__size_of_conver1          (abs)        0000
__size_of_isr              (abs)        0000
__size_of_main             (abs)        0000
__size_of_mandar_datos     (abs)        0000
__size_of_num_ascii        (abs)        0000
__size_of_osc_config       (abs)        0000
__size_of_setup            (abs)        0000
__size_of_uart_config      (abs)        0000
_con                       bssCOMMON    0078
_conver                    text15       075F
_conver1                   text12       0557
_cuenta_uart               bssBANK0     0040
_isr                       text24       0EBE
_main                      maintext     0027
_mandar_datos              text11       06A1
_num_ascii                 text23       07A3
_osc_config                text3        0F8F
_setup                     text1        03B4
_temperatura               bssBANK0     0041
_uart_config               text2        0EE5
btemp                      (abs)        007E
conver1@temporal           cstackBANK0  002E
conver@temporal            cstackBANK0  0020
end_of_initialization      cinit        0023
interrupt_function         intentry     0004
intlevel0                  functab      0000
intlevel1                  functab      0000
intlevel2                  functab      0000
intlevel3                  functab      0000
intlevel4                  functab      0000
intlevel5                  functab      0000
num_ascii@num              cstackCOMMON 0075
osc_config@freq            cstackCOMMON 0075
reset_vec                  reset_vec    0000
saved_w                    (abs)        007E
start                      init         000C
start_initialization       cinit        000F
wtemp0                     (abs)        007E


MODULE INFORMATION

Module		Function		Class		Link	Load	Size
C:/Users/Andy Bonilla/Documents/GitHub/ED2/Proyecto1_ED2/PIC_maestro.X/Osc_config.c
		_osc_config    		CODE           	0F8F	0000	55

C:/Users/Andy Bonilla/Documents/GitHub/ED2/Proyecto1_ED2/PIC_maestro.X/Osc_config.c estimated size: 55

C:/Users/Andy Bonilla/Documents/GitHub/ED2/Proyecto1_ED2/PIC_maestro.X/UART_CONFIG.c
		_uart_config   		CODE           	0EE5	0000	22

C:/Users/Andy Bonilla/Documents/GitHub/ED2/Proyecto1_ED2/PIC_maestro.X/UART_CONFIG.c estimated size: 22

C:/Users/Andy Bonilla/Documents/GitHub/ED2/Proyecto1_ED2/PIC_maestro.X/lcd_pablo.c
		_Lcd_Write_String		CODE           	0F14	0000	37
		_Lcd_Init      		CODE           	07E2	0000	25
		_Lcd_Write_Char		CODE           	0ED0	0000	21
		_Lcd_Cmd       		CODE           	0EFB	0000	25
		_Lcd_Set_Cursor		CODE           	0F39	0000	38
		_Lcd_Port      		CODE           	0E8F	0000	6

C:/Users/Andy Bonilla/Documents/GitHub/ED2/Proyecto1_ED2/PIC_maestro.X/lcd_pablo.c estimated size: 152

C:\Program Files\Microchip\xc8\v2.32\pic\sources\c90\common\awmod.c
		___awmod       		CODE           	0704	0000	91

C:\Program Files\Microchip\xc8\v2.32\pic\sources\c90\common\awmod.c estimated size: 91

C:/Users/Andy Bonilla/Documents/GitHub/ED2/Proyecto1_ED2/PIC_maestro.X/main_mastre.c
		_main          		CODE           	0027	0000	479
		_isr           		CODE           	0EBE	0000	18
		_conver1       		CODE           	0557	0000	121
		_setup         		CODE           	03B4	0000	419
		_LECT1         		CODE           	0206	0000	430
		_conver        		CODE           	075F	0000	68
		_mandar_datos  		CODE           	06A1	0000	99

C:/Users/Andy Bonilla/Documents/GitHub/ED2/Proyecto1_ED2/PIC_maestro.X/main_mastre.c estimated size: 1634

shared
		__initialization		CODE           	000F	0000	20

shared estimated size: 20

C:/Users/Andy Bonilla/Documents/GitHub/ED2/Proyecto1_ED2/PIC_maestro.X/ASCII.c
		_num_ascii     		CODE           	07A3	0000	63

C:/Users/Andy Bonilla/Documents/GitHub/ED2/Proyecto1_ED2/PIC_maestro.X/ASCII.c estimated size: 63

C:/Users/Andy Bonilla/Documents/GitHub/ED2/Proyecto1_ED2/PIC_maestro.X/I2C.c
		_I2C_Master_Read		CODE           	0F5F	0000	48
		_I2C_Master_Wait		CODE           	0EB1	0000	13
		_I2C_Master_Init		CODE           	0FC6	0000	58
		_I2C_Master_Stop		CODE           	0E9E	0000	9
		_I2C_Master_Write		CODE           	0EA7	0000	10
		_I2C_Master_Start		CODE           	0E95	0000	9

C:/Users/Andy Bonilla/Documents/GitHub/ED2/Proyecto1_ED2/PIC_maestro.X/I2C.c estimated size: 147

C:\Program Files\Microchip\xc8\v2.32\pic\sources\c90\common\awdiv.c
		___awdiv       		CODE           	05D0	0000	105

C:\Program Files\Microchip\xc8\v2.32\pic\sources\c90\common\awdiv.c estimated size: 105

C:\Program Files\Microchip\xc8\v2.32\pic\sources\c90\common\__lldiv.c
		___lldiv       		CODE           	0639	0000	104

C:\Program Files\Microchip\xc8\v2.32\pic\sources\c90\common\__lldiv.c estimated size: 104

