Microchip MPLAB XC8 Compiler V2.32

Linker command line:

-W-3 --edf=C:\Program Files\Microchip\xc8\v2.32\pic\dat\en_msgs.txt -cn \
  -h+dist/default/production\PIC_maestro.X.production.sym \
  --cmf=dist/default/production\PIC_maestro.X.production.cmf -z -Q16F887 \
  -oC:\Users\ANDYBO~1\AppData\Local\Temp\xcAseac.4 --defsym=__MPLAB_BUILD=1 \
  -Mdist/default/production/PIC_maestro.X.production.map -E1 \
  -ver=XC8 Compiler --acfsm=1493 -ASTACK=0110h-016Fh -pstack=STACK \
  -ACODE=00h-07FFhx4 -ASTRCODE=00h-01FFFh -ASTRING=00h-0FFhx32 \
  -ACONST=00h-0FFhx32 -AENTRY=00h-0FFhx32 -ACOMMON=070h-07Fh \
  -ABANK0=020h-06Fh -ABANK1=0A0h-0EFh -ABANK2=0110h-016Fh \
  -ABANK3=0190h-01EFh -ARAM=020h-06Fh,0A0h-0EFh,0110h-016Fh,0190h-01EFh \
  -AABS1=020h-07Fh,0A0h-0EFh,0110h-016Fh,0190h-01EFh -ASFR0=00h-01Fh \
  -ASFR1=080h-09Fh -ASFR2=0100h-010Fh -ASFR3=0180h-018Fh \
  -ACONFIG=02007h-02008h -DCONFIG=2 -AIDLOC=02000h-02003h -DIDLOC=2 \
  -AEEDATA=00h-0FFh/02100h -peeprom_data=EEDATA -DEEDATA=2 -DCODE=2 \
  -DSTRCODE=2 -DSTRING=2 -DCONST=2 -DENTRY=2 \
  -preset_vec=00h,intentry=04h,init,end_init -ppowerup=CODE -pcinit=CODE \
  -pfunctab=ENTRY -k C:\Users\ANDYBO~1\AppData\Local\Temp\xcAseac.o \
  dist/default/production\PIC_maestro.X.production.o 

Object code version is 3.11

Machine type is 16F887



                Name                               Link     Load   Length Selector   Space Scale
C:\Users\ANDYBO~1\AppData\Local\Temp\xcAseac.o
                end_init                             10       10        3        8       0
                reset_vec                             0        0        3        0       0
                config                             2007     2007        2        0       4
dist/default/production\PIC_maestro.X.production.o
                cinit                                13       13        D        8       0
                intentry                              4        4        C        8       0
                config                             2007     2007        2        0       4
                text26                              6E5      6E5       67        8       0
                text25                              F4A      F4A       5B     1E94       0
                text24                              74C      74C       61        8       0
                text23                              DB2      DB2       19     1B64       0
                text22                              F09      F09       41     1E12       0
                text21                              3ED      3ED      1AE        8       0
                text20                              D72      D72        6     1AE4       0
                text19                              DFD      DFD       1C     1BFA       0
                text18                              DCB      DCB       19     1B96       0
                text17                              E3E      E3E       26     1C7C       0
                text16                              DE4      DE4       19     1BC8       0
                text15                              E19      E19       25     1C32       0
                text14                              7AD      7AD       44        8       0
                text13                              614      614       69        8       0
                text12                              FA5      FA5       5B     1F4A       0
                text11                              59B      59B       79        8       0
                text10                              67D      67D       68        8       0
                text9                               ECF      ECF       3A     1D9E       0
                text8                               7F1      7F1        D        8       0
                text7                               E64      E64       32     1CC8       0
                text6                               D80      D80        9     1B00       0
                text5                               D89      D89        9     1B12       0
                text4                               D92      D92        A     1B24       0
                text3                               E96      E96       39     1D2C       0
                text2                               D9C      D9C       16     1B38       0
                text1                               224      224      1C9        8       0
                maintext                             20       20      204        8       0
                cstackBANK0                          20       20       2D       20       1
                cstackCOMMON                         70       70        E       70       1
                clrtext                             D78      D78        8     1AF0       0
                bssBANK0                             4D       4D       12       20       1

TOTAL           Name                               Link     Load   Length     Space
        CLASS   STACK          

        CLASS   CODE           
                end_init                             10       10        3         0
                cinit                                13       13        D         0
                intentry                              4        4        C         0
                reset_vec                             0        0        3         0
                text26                              6E5      6E5       67         0
                text25                              F4A      F4A       5B         0
                text24                              74C      74C       61         0
                text23                              DB2      DB2       19         0
                text22                              F09      F09       41         0
                text21                              3ED      3ED      1AE         0
                text20                              D72      D72        6         0
                text19                              DFD      DFD       1C         0
                text18                              DCB      DCB       19         0
                text17                              E3E      E3E       26         0
                text16                              DE4      DE4       19         0
                text15                              E19      E19       25         0
                text14                              7AD      7AD       44         0
                text13                              614      614       69         0
                text12                              FA5      FA5       5B         0
                text11                              59B      59B       79         0
                text10                              67D      67D       68         0
                text9                               ECF      ECF       3A         0
                text8                               7F1      7F1        D         0
                text7                               E64      E64       32         0
                text6                               D80      D80        9         0
                text5                               D89      D89        9         0
                text4                               D92      D92        A         0
                text3                               E96      E96       39         0
                text2                               D9C      D9C       16         0
                text1                               224      224      1C9         0
                maintext                             20       20      204         0
                clrtext                             D78      D78        8         0

        CLASS   STRCODE        

        CLASS   STRING         

        CLASS   CONST          

        CLASS   ENTRY          

        CLASS   COMMON         
                cstackCOMMON                         70       70        E         1

        CLASS   BANK0          
                cstackBANK0                          20       20       2D         1
                bssBANK0                             4D       4D       12         1

        CLASS   BANK1          

        CLASS   BANK2          

        CLASS   BANK3          

        CLASS   RAM            

        CLASS   ABS1           
                abs_s1                               7E       7E        2         1

        CLASS   SFR0           

        CLASS   SFR1           

        CLASS   SFR2           

        CLASS   SFR3           

        CLASS   CONFIG         
                config                             2007     2007        2         4

        CLASS   IDLOC          

        CLASS   EEDATA         



SEGMENTS        Name                           Load    Length   Top    Selector   Space  Class     Delta

                reset_vec                      000000  000003  000003         0       0  CODE        2
                intentry                       000004  0007FA  0007FE         8       0  CODE        2
                cstackBANK0                    000020  00003F  00005F        20       1  BANK0       1
                cstackCOMMON                   000070  00000E  00007E        70       1  COMMON      1
                text20                         000D72  000006  000D78      1AE4       0  CODE        2
                clrtext                        000D78  000008  000D80      1AF0       0  CODE        2
                text6                          000D80  000009  000D89      1B00       0  CODE        2
                text5                          000D89  000009  000D92      1B12       0  CODE        2
                text4                          000D92  00000A  000D9C      1B24       0  CODE        2
                text2                          000D9C  000016  000DB2      1B38       0  CODE        2
                text23                         000DB2  000019  000DCB      1B64       0  CODE        2
                text18                         000DCB  000019  000DE4      1B96       0  CODE        2
                text16                         000DE4  000019  000DFD      1BC8       0  CODE        2
                text19                         000DFD  00001C  000E19      1BFA       0  CODE        2
                text15                         000E19  000025  000E3E      1C32       0  CODE        2
                text17                         000E3E  000026  000E64      1C7C       0  CODE        2
                text7                          000E64  000032  000E96      1CC8       0  CODE        2
                text3                          000E96  000039  000ECF      1D2C       0  CODE        2
                text9                          000ECF  00003A  000F09      1D9E       0  CODE        2
                text22                         000F09  000041  000F4A      1E12       0  CODE        2
                text25                         000F4A  00005B  000FA5      1E94       0  CODE        2
                text12                         000FA5  00005B  001000      1F4A       0  CODE        2


UNUSED ADDRESS RANGES

        Name                Unused          Largest block    Delta
        BANK0            005F-006F             11           1
        BANK1            00A0-00EF             50           1
        BANK2            0110-016F             60           1
        BANK3            0190-01EF             60           1
        CODE             0003-0003              1           2
                         07FE-0D71              2
                         1000-1FFF            800
        CONST            0003-0003              1           2
                         07FE-0D71            100
                         1000-1FFF            100
        EEDATA           2100-21FF            100           2
        ENTRY            0003-0003              1           2
                         07FE-0D71            100
                         1000-1FFF            100
        IDLOC            2000-2003              4           2
        RAM              005F-006F             11           1
                         00A0-00EF             50
                         0110-016F             60
                         0190-01EF             60
        SFR0             0000-001F             20           1
        SFR1             0080-009F             20           1
        SFR2             0100-010F             10           1
        SFR3             0180-018F             10           1
        STACK            0110-016F             60           1
        STRCODE          0003-0003              1           2
                         07FE-0D71            574
                         1000-1FFF           1000
        STRING           0003-0003              1           2
                         07FE-0D71            100
                         1000-1FFF            100

                                  Symbol Table

?_I2C_Master_Read          cstackBANK0  0028
?___awdiv                  cstackBANK0  0028
?___awmod                  cstackBANK0  0031
?___lldiv                  cstackBANK0  0028
?i1___awdiv                cstackCOMMON 0070
?i1___awmod                cstackCOMMON 0079
I2C_Master_Init@c          cstackBANK0  0036
I2C_Master_Read@a          cstackBANK0  0028
I2C_Master_Read@temp       cstackBANK0  002C
I2C_Master_Write@d         cstackBANK0  0028
Lcd_Cmd@a                  cstackBANK0  002B
Lcd_Port@a                 cstackBANK0  0028
Lcd_Set_Cursor@a           cstackBANK0  002E
Lcd_Set_Cursor@b           cstackBANK0  002C
Lcd_Set_Cursor@temp        cstackBANK0  002F
Lcd_Write_Char@a           cstackBANK0  002A
Lcd_Write_String@a         cstackBANK0  002E
Lcd_Write_String@i         cstackBANK0  002C
_ANSEL                     (abs)        0188
_ANSELH                    (abs)        0189
_BASURA                    bssBANK0     005C
_BAUDCTLbits               (abs)        0187
_C1                        bssBANK0     0057
_C2                        bssBANK0     0056
_C3                        bssBANK0     0055
_CERRADO                   bssBANK0     0050
_DH                        bssBANK0     0053
_DIA                       bssBANK0     005B
_DM                        bssBANK0     0051
_GIE                       (abs)        005F
_HORA                      bssBANK0     005A
_I2C_Master_Init           text9        0ECF
_I2C_Master_Read           text7        0E64
_I2C_Master_Start          text6        0D80
_I2C_Master_Stop           text5        0D89
_I2C_Master_Wait           text8        07F1
_I2C_Master_Write          text4        0D92
_INTCONbits                (abs)        000B
_LECT1                     text21       03ED
_Lcd_Cmd                   text19       0DFD
_Lcd_Init                  text18       0DCB
_Lcd_Port                  text20       0D72
_Lcd_Set_Cursor            text17       0E3E
_Lcd_Write_Char            text16       0DE4
_Lcd_Write_String          text15       0E19
_MIN                       bssBANK0     0059
_NUM                       bssBANK0     005D
_OSCCONbits                (abs)        008F
_PARKH                     bssBANK0     005E
_PEIE                      (abs)        005E
_PIE1bits                  (abs)        008C
_PIR1bits                  (abs)        000C
_PORTA                     (abs)        0005
_PORTB                     (abs)        0006
_PORTD                     (abs)        0008
_PORTDbits                 (abs)        0008
_PORTEbits                 (abs)        0009
_RCSTAbits                 (abs)        0018
_SPBRG                     (abs)        0099
_SPBRGH                    (abs)        009A
_SSPADD                    (abs)        0093
_SSPBUF                    (abs)        0013
_SSPCON                    (abs)        0014
_SSPCON2                   (abs)        0091
_SSPCON2bits               (abs)        0091
_SSPIE                     (abs)        0463
_SSPIF                     (abs)        0063
_SSPSTAT                   (abs)        0094
_TRISA                     (abs)        0085
_TRISB                     (abs)        0086
_TRISC3                    (abs)        043B
_TRISC4                    (abs)        043C
_TRISCbits                 (abs)        0087
_TRISD                     (abs)        0088
_TRISE                     (abs)        0089
_TXREG                     (abs)        0019
_TXSTAbits                 (abs)        0098
_UH                        bssBANK0     0054
_UM                        bssBANK0     0052
__Habs1                    abs1         0000
__Hbank0                   bank0        0000
__Hbank1                   bank1        0000
__Hbank2                   bank2        0000
__Hbank3                   bank3        0000
__HbssBANK0                bssBANK0     0000
__Hcinit                   cinit        0020
__Hclrtext                 clrtext      0000
__Hcode                    code         0000
__Hcommon                  common       0000
__Hconfig                  config       2009
__HcstackBANK0             cstackBANK0  0000
__HcstackCOMMON            cstackCOMMON 0000
__Heeprom_data             eeprom_data  0000
__Hend_init                end_init     0013
__Hfunctab                 functab      0000
__Hinit                    init         0010
__Hintentry                intentry     0010
__Hmaintext                maintext     0000
__Hpowerup                 powerup      0000
__Hram                     ram          0000
__Hreset_vec               reset_vec    0003
__Hsfr0                    sfr0         0000
__Hsfr1                    sfr1         0000
__Hsfr2                    sfr2         0000
__Hsfr3                    sfr3         0000
__Hspace_0                 (abs)        1000
__Hspace_1                 (abs)        007E
__Hspace_2                 (abs)        0000
__Hspace_3                 (abs)        0000
__Hspace_4                 (abs)        4010
__Hstack                   stack        0000
__Hstrings                 strings      0000
__Htext                    text         0000
__Labs1                    abs1         0000
__Lbank0                   bank0        0000
__Lbank1                   bank1        0000
__Lbank2                   bank2        0000
__Lbank3                   bank3        0000
__LbssBANK0                bssBANK0     0000
__Lcinit                   cinit        0013
__Lclrtext                 clrtext      0000
__Lcode                    code         0000
__Lcommon                  common       0000
__Lconfig                  config       0000
__LcstackBANK0             cstackBANK0  0000
__LcstackCOMMON            cstackCOMMON 0000
__Leeprom_data             eeprom_data  0000
__Lend_init                end_init     0010
__Lfunctab                 functab      0000
__Linit                    init         0010
__Lintentry                intentry     0004
__Lmaintext                maintext     0000
__Lpowerup                 powerup      0000
__Lram                     ram          0000
__Lreset_vec               reset_vec    0000
__Lsfr0                    sfr0         0000
__Lsfr1                    sfr1         0000
__Lsfr2                    sfr2         0000
__Lsfr3                    sfr3         0000
__Lspace_0                 (abs)        0000
__Lspace_1                 (abs)        0000
__Lspace_2                 (abs)        0000
__Lspace_3                 (abs)        0000
__Lspace_4                 (abs)        0000
__Lstack                   stack        0000
__Lstrings                 strings      0000
__Ltext                    text         0000
__S0                       (abs)        1000
__S1                       (abs)        007E
__S2                       (abs)        0000
__S3                       (abs)        0000
___awdiv                   text13       0614
___awdiv@counter           cstackBANK0  002D
___awdiv@dividend          cstackBANK0  002A
___awdiv@divisor           cstackBANK0  0028
___awdiv@quotient          cstackBANK0  002F
___awdiv@sign              cstackBANK0  002E
___awmod                   text12       0FA5
___awmod@counter           cstackBANK0  0036
___awmod@dividend          cstackBANK0  0033
___awmod@divisor           cstackBANK0  0031
___awmod@sign              cstackBANK0  0037
___int_sp                  stack        0000
___latbits                 (abs)        0002
___lldiv                   text10       067D
___lldiv@counter           cstackBANK0  0035
___lldiv@dividend          cstackBANK0  002C
___lldiv@divisor           cstackBANK0  0028
___lldiv@quotient          cstackBANK0  0031
___sp                      stack        0000
___stackhi                 (abs)        0000
___stacklo                 (abs)        0000
__end_of_I2C_Master_Init   text9        0F09
__end_of_I2C_Master_Read   text7        0E96
__end_of_I2C_Master_Start  text6        0D89
__end_of_I2C_Master_Stop   text5        0D92
__end_of_I2C_Master_Wait   text8        07FE
__end_of_I2C_Master_Write  text4        0D9C
__end_of_LECT1             text21       059B
__end_of_Lcd_Cmd           text19       0E19
__end_of_Lcd_Init          text18       0DE4
__end_of_Lcd_Port          text20       0D78
__end_of_Lcd_Set_Cursor    text17       0E64
__end_of_Lcd_Write_Char    text16       0DFD
__end_of_Lcd_Write_String  text15       0E3E
__end_of___awdiv           text13       067D
__end_of___awmod           text12       1000
__end_of___lldiv           text10       06E5
__end_of__initialization   cinit        001C
__end_of_conver            text14       07F1
__end_of_conver1           text11       0614
__end_of_isr               text23       0DCB
__end_of_main              maintext     0224
__end_of_mandar_datos      text24       07AD
__end_of_num_ascii         text22       0F4A
__end_of_osc_config        text3        0ECF
__end_of_setup             text1        03ED
__end_of_uart_config       text2        0DB2
__end_ofi1___awdiv         text26       074C
__end_ofi1___awmod         text25       0FA5
__initialization           cinit        0013
__pbssBANK0                bssBANK0     004D
__pcstackBANK0             cstackBANK0  0020
__pcstackCOMMON            cstackCOMMON 0070
__pintentry                intentry     0004
__pmaintext                maintext     0020
__ptext1                   text1        0224
__ptext10                  text10       067D
__ptext11                  text11       059B
__ptext12                  text12       0FA5
__ptext13                  text13       0614
__ptext14                  text14       07AD
__ptext15                  text15       0E19
__ptext16                  text16       0DE4
__ptext17                  text17       0E3E
__ptext18                  text18       0DCB
__ptext19                  text19       0DFD
__ptext2                   text2        0D9C
__ptext20                  text20       0D72
__ptext21                  text21       03ED
__ptext22                  text22       0F09
__ptext23                  text23       0DB2
__ptext24                  text24       074C
__ptext25                  text25       0F4A
__ptext26                  text26       06E5
__ptext3                   text3        0E96
__ptext4                   text4        0D92
__ptext5                   text5        0D89
__ptext6                   text6        0D80
__ptext7                   text7        0E64
__ptext8                   text8        07F1
__ptext9                   text9        0ECF
__size_of_I2C_Master_Init  (abs)        0000
__size_of_I2C_Master_Read  (abs)        0000
__size_of_I2C_Master_Start (abs)        0000
__size_of_I2C_Master_Stop  (abs)        0000
__size_of_I2C_Master_Wait  (abs)        0000
__size_of_I2C_Master_Write (abs)        0000
__size_of_LECT1            (abs)        0000
__size_of_Lcd_Cmd          (abs)        0000
__size_of_Lcd_Init         (abs)        0000
__size_of_Lcd_Port         (abs)        0000
__size_of_Lcd_Set_Cursor   (abs)        0000
__size_of_Lcd_Write_Char   (abs)        0000
__size_of_Lcd_Write_String (abs)        0000
__size_of___awdiv          (abs)        0000
__size_of___awmod          (abs)        0000
__size_of___lldiv          (abs)        0000
__size_of_conver           (abs)        0000
__size_of_conver1          (abs)        0000
__size_of_isr              (abs)        0000
__size_of_main             (abs)        0000
__size_of_mandar_datos     (abs)        0000
__size_of_num_ascii        (abs)        0000
__size_of_osc_config       (abs)        0000
__size_of_setup            (abs)        0000
__size_of_uart_config      (abs)        0000
__size_ofi1___awdiv        (abs)        0000
__size_ofi1___awmod        (abs)        0000
_con                       bssBANK0     004F
_conver                    text14       07AD
_conver1                   text11       059B
_cuenta_uart               bssBANK0     004D
_isr                       text23       0DB2
_main                      maintext     0020
_mandar_datos              text24       074C
_num_ascii                 text22       0F09
_osc_config                text3        0E96
_setup                     text1        0224
_temperatura               bssBANK0     004E
_uart_config               text2        0D9C
btemp                      (abs)        007E
clear_ram0                 clrtext      0D78
conver1@temporal           cstackBANK0  003B
conver@temporal            cstackBANK0  0029
end_of_initialization      cinit        001C
i1___awdiv                 text26       06E5
i1___awdiv@counter         cstackCOMMON 0075
i1___awdiv@dividend        cstackCOMMON 0072
i1___awdiv@divisor         cstackCOMMON 0070
i1___awdiv@quotient        cstackCOMMON 0077
i1___awdiv@sign            cstackCOMMON 0076
i1___awmod                 text25       0F4A
i1___awmod@counter         cstackBANK0  0020
i1___awmod@dividend        cstackCOMMON 007B
i1___awmod@divisor         cstackCOMMON 0079
i1___awmod@sign            cstackBANK0  0021
interrupt_function         intentry     0004
intlevel0                  functab      0000
intlevel1                  functab      0000
intlevel2                  functab      0000
intlevel3                  functab      0000
intlevel4                  functab      0000
intlevel5                  functab      0000
num_ascii@num              cstackBANK0  002A
osc_config@freq            cstackBANK0  002A
reset_vec                  reset_vec    0000
saved_w                    (abs)        007E
start                      init         0010
start_initialization       cinit        0013
wtemp0                     (abs)        007E


MODULE INFORMATION

Module		Function		Class		Link	Load	Size
C:/Users/Andy Bonilla/Documents/GitHub/ED2/Proyecto1_ED2/PIC_maestro.X/Osc_config.c
		_osc_config    		CODE           	0E96	0000	57

C:/Users/Andy Bonilla/Documents/GitHub/ED2/Proyecto1_ED2/PIC_maestro.X/Osc_config.c estimated size: 57

C:/Users/Andy Bonilla/Documents/GitHub/ED2/Proyecto1_ED2/PIC_maestro.X/UART_CONFIG.c
		_uart_config   		CODE           	0D9C	0000	22

C:/Users/Andy Bonilla/Documents/GitHub/ED2/Proyecto1_ED2/PIC_maestro.X/UART_CONFIG.c estimated size: 22

C:/Users/Andy Bonilla/Documents/GitHub/ED2/Proyecto1_ED2/PIC_maestro.X/lcd_pablo.c
		_Lcd_Write_String		CODE           	0E19	0000	37
		_Lcd_Init      		CODE           	0DCB	0000	25
		_Lcd_Write_Char		CODE           	0DE4	0000	25
		_Lcd_Cmd       		CODE           	0DFD	0000	28
		_Lcd_Set_Cursor		CODE           	0E3E	0000	38
		_Lcd_Port      		CODE           	0D72	0000	6

C:/Users/Andy Bonilla/Documents/GitHub/ED2/Proyecto1_ED2/PIC_maestro.X/lcd_pablo.c estimated size: 159

C:\Program Files\Microchip\xc8\v2.32\pic\sources\c90\common\awmod.c
		___awmod       		CODE           	0FA5	0000	91

C:\Program Files\Microchip\xc8\v2.32\pic\sources\c90\common\awmod.c estimated size: 91

C:/Users/Andy Bonilla/Documents/GitHub/ED2/Proyecto1_ED2/PIC_maestro.X/main_mastre.c
		_main          		CODE           	0020	0000	516
		_isr           		CODE           	0DB2	0000	25
		_conver1       		CODE           	059B	0000	121
		_setup         		CODE           	0224	0000	457
		_LECT1         		CODE           	03ED	0000	430
		_conver        		CODE           	07AD	0000	68
		_mandar_datos  		CODE           	074C	0000	97

C:/Users/Andy Bonilla/Documents/GitHub/ED2/Proyecto1_ED2/PIC_maestro.X/main_mastre.c estimated size: 1714

shared
		i1___awdiv     		CODE           	06E5	0000	103
		__initialization		CODE           	0013	0000	9
		i1___awmod     		CODE           	0F4A	0000	91

shared estimated size: 203

C:/Users/Andy Bonilla/Documents/GitHub/ED2/Proyecto1_ED2/PIC_maestro.X/ASCII.c
		_num_ascii     		CODE           	0F09	0000	65

C:/Users/Andy Bonilla/Documents/GitHub/ED2/Proyecto1_ED2/PIC_maestro.X/ASCII.c estimated size: 65

C:/Users/Andy Bonilla/Documents/GitHub/ED2/Proyecto1_ED2/PIC_maestro.X/I2C.c
		_I2C_Master_Read		CODE           	0E64	0000	50
		_I2C_Master_Wait		CODE           	07F1	0000	13
		_I2C_Master_Init		CODE           	0ECF	0000	58
		_I2C_Master_Stop		CODE           	0D89	0000	9
		_I2C_Master_Write		CODE           	0D92	0000	10
		_I2C_Master_Start		CODE           	0D80	0000	9

C:/Users/Andy Bonilla/Documents/GitHub/ED2/Proyecto1_ED2/PIC_maestro.X/I2C.c estimated size: 149

C:\Program Files\Microchip\xc8\v2.32\pic\sources\c90\common\awdiv.c
		___awdiv       		CODE           	0614	0000	105

C:\Program Files\Microchip\xc8\v2.32\pic\sources\c90\common\awdiv.c estimated size: 105

C:\Program Files\Microchip\xc8\v2.32\pic\sources\c90\common\__lldiv.c
		___lldiv       		CODE           	067D	0000	104

C:\Program Files\Microchip\xc8\v2.32\pic\sources\c90\common\__lldiv.c estimated size: 104

